// Jest Snapshot v1, https://goo.gl/fbAQLP

exports[`Componente HomeView Debe hacer match con el snapshot 1`] = `
<div class="home">
  <h1>PROSEGUR<br>SOLUTIONS</h1>
  <hr>
  <div role="tablist" class="accordion">
    <b-card no-body="" class="mb-3">
      <b-card-header header-tag="header" role="tab" class="p-1">
        <b-button block="" variant="warning">Alarms</b-button>
      </b-card-header>
      <b-collapse id="accordion-1" visible="" accordion="my-accordion" role="tabpanel">
        <b-card-body>
          <b-card-text>Offers high quality solutions for residential and commercial alarms.</b-card-text>
        </b-card-body>
      </b-collapse>
    </b-card>
    <b-card no-body="" class="mb-3">
      <b-card-header header-tag="header" role="tab" class="p-1">
        <b-button block="" variant="warning">Security</b-button>
      </b-card-header>
      <b-collapse id="accordion-2" accordion="my-accordion" role="tabpanel">
        <b-card-body>
          <b-card-text>Comprehensive Security Solutions, with the most innovative Surveillance and Technology services, adapted to each client.</b-card-text>
        </b-card-body>
      </b-collapse>
    </b-card>
    <b-card no-body="" class="mb-3">
      <b-card-header header-tag="header" role="tab" class="p-1">
        <b-button block="" variant="warning">Cash</b-button>
      </b-card-header>
      <b-collapse id="accordion-3" accordion="my-accordion" role="tabpanel">
        <b-card-body>
          <b-card-text>Logistics, Cash, Management and Automation services for Financial Institutions, Banks and businesses.</b-card-text>
        </b-card-body>
      </b-collapse>
    </b-card>
  </div>
</div>
`;
